features/courses/components/create/course-form-config.tsx(21,26): error TS2558: Expected 0 type arguments, but got 1.
features/courses/components/create/curriculum/CurriculumEditor.tsx(187,28): error TS2304: Cannot find name 'onAddSection'.
features/courses/components/create/curriculum/CurriculumEditor.tsx(211,40): error TS2552: Cannot find name 'onDeleteSection'. Did you mean 'onDeleteSession'?
features/courses/components/create/curriculum/CurriculumEditor.tsx(213,44): error TS2304: Cannot find name 'onDeleteModule'.
features/courses/components/create/curriculum/CurriculumEditor.tsx(242,28): error TS2304: Cannot find name 'onAddModule'.
features/courses/components/create/curriculum/CurriculumEditor.tsx(250,29): error TS2304: Cannot find name 'onAddSession'.
features/courses/components/create/curriculum/ModuleEditor.tsx(37,21): error TS2322: Type 'any' is not assignable to type 'never'.
features/courses/components/create/curriculum/ModuleEditor.tsx(41,51): error TS2345: Argument of type 'string' is not assignable to parameter of type 'UpdaterFn<never, never>'.
features/courses/components/create/curriculum/ModuleEditor.tsx(63,74): error TS2339: Property 'lessons' does not exist on type 'never'.
features/courses/components/create/curriculum/QuizEditor.tsx(43,21): error TS2322: Type 'any' is not assignable to type 'never'.
features/courses/components/create/curriculum/QuizEditor.tsx(49,53): error TS2345: Argument of type 'string' is not assignable to parameter of type 'UpdaterFn<never, never>'.
features/courses/components/create/curriculum/SectionEditor.tsx(28,21): error TS2322: Type 'any' is not assignable to type 'never'.
features/courses/components/create/curriculum/SectionEditor.tsx(32,51): error TS2345: Argument of type 'string' is not assignable to parameter of type 'UpdaterFn<never, never>'.
features/courses/components/create/curriculum/SessionEditor.tsx(33,21): error TS2322: Type 'any' is not assignable to type 'never'.
features/courses/components/create/curriculum/SessionEditor.tsx(37,51): error TS2345: Argument of type 'string' is not assignable to parameter of type 'UpdaterFn<never, never>'.
features/courses/components/create/curriculum/SessionEditor.tsx(56,21): error TS2322: Type 'any' is not assignable to type 'never'.
features/courses/components/create/curriculum/SessionEditor.tsx(60,60): error TS2345: Argument of type 'string' is not assignable to parameter of type 'UpdaterFn<never, never>'.
features/courses/components/create/curriculum/SimulationEditor.tsx(44,21): error TS2322: Type 'any' is not assignable to type 'never'.
features/courses/components/create/curriculum/SimulationEditor.tsx(49,60): error TS2345: Argument of type 'string' is not assignable to parameter of type 'UpdaterFn<never, never>'.
